.................FFFFFFFF...................................... [  1%]
..........................FF..............................FFFFFFFFFFF [  3%]
FFFFFFFFFFFFFFFFFFFFFFFFFFF............F....F........................... [  4%]
......................s................................................. [  6%]
...................................................FFF.................. [  7%]
........................................................................ [  9%]
.....................................................................F.. [ 11%]
........................................................................ [ 12%]
..........................................FF............................ [ 14%]
................................ss..................................EEEE [ 16%]
EEEEEEFFFFFFFFFFEEEEEEE..................FFFFFFFF....................... [ 17%]
........................................................................ [ 19%]
......F........FFFFFFFFF.......F..........FF...........F................ [ 21%]
........................................................................ [ 22%]
........................................................................ [ 24%]
........................................................................ [ 26%]
....................FF.................................................. [ 27%]
..........................................F............................. [ 29%]
............F........................................................... [ 30%]
........................................................................ [ 32%]
.........................FFFFEEEEEE..................................... [ 34%]
...................................................................FF..F [ 35%]
........................................................................ [ 37%]
........................................................................ [ 39%]
.....................................................................F.. [ 40%]
.......................................FFFF....FFFFFF.FFFF.............. [ 42%]
.FFFFssss.................................................F....F..F..... [ 44%]
........................................................................ [ 45%]
........................................................................ [ 47%]
........................................................................ [ 49%]
........................................................................ [ 50%]
........................................................................ [ 52%]
........................................................................ [ 54%]
........................................................................ [ 55%]
........................................................................ [ 57%]
........................................................................ [ 58%]
...............EXIT=0
